[2025-02-06T17:53:20.603+0000] {processor.py:186} INFO - Started process (PID=35) to work on /opt/airflow/dags/DAG_embulk.py
[2025-02-06T17:53:20.610+0000] {processor.py:914} INFO - Processing file /opt/airflow/dags/DAG_embulk.py for tasks to queue
[2025-02-06T17:53:20.627+0000] {logging_mixin.py:190} INFO - [2025-02-06T17:53:20.624+0000] {dagbag.py:588} INFO - Filling up the DagBag from /opt/airflow/dags/DAG_embulk.py
[2025-02-06T17:53:20.782+0000] {logging_mixin.py:190} INFO - [2025-02-06T17:53:20.743+0000] {dagbag.py:387} ERROR - Failed to import: /opt/airflow/dags/DAG_embulk.py
Traceback (most recent call last):
  File "/home/airflow/.local/lib/python3.12/site-packages/airflow/models/dagbag.py", line 383, in parse
    loader.exec_module(new_module)
  File "<frozen importlib._bootstrap_external>", line 999, in exec_module
  File "<frozen importlib._bootstrap>", line 488, in _call_with_frames_removed
  File "/opt/airflow/dags/DAG_embulk.py", line 8, in <module>
    'retry_delay': timedelta(minutes=5),
                   ^^^^^^^^^
NameError: name 'timedelta' is not defined
[2025-02-06T17:53:20.801+0000] {processor.py:927} WARNING - No viable dags retrieved from /opt/airflow/dags/DAG_embulk.py
[2025-02-06T17:53:20.907+0000] {processor.py:208} INFO - Processing /opt/airflow/dags/DAG_embulk.py took 0.345 seconds
[2025-02-06T17:53:51.339+0000] {processor.py:186} INFO - Started process (PID=93) to work on /opt/airflow/dags/DAG_embulk.py
[2025-02-06T17:53:51.341+0000] {processor.py:914} INFO - Processing file /opt/airflow/dags/DAG_embulk.py for tasks to queue
[2025-02-06T17:53:51.347+0000] {logging_mixin.py:190} INFO - [2025-02-06T17:53:51.347+0000] {dagbag.py:588} INFO - Filling up the DagBag from /opt/airflow/dags/DAG_embulk.py
[2025-02-06T17:53:51.376+0000] {logging_mixin.py:190} INFO - [2025-02-06T17:53:51.367+0000] {dagbag.py:387} ERROR - Failed to import: /opt/airflow/dags/DAG_embulk.py
Traceback (most recent call last):
  File "/home/airflow/.local/lib/python3.12/site-packages/airflow/models/dagbag.py", line 383, in parse
    loader.exec_module(new_module)
  File "<frozen importlib._bootstrap_external>", line 999, in exec_module
  File "<frozen importlib._bootstrap>", line 488, in _call_with_frames_removed
  File "/opt/airflow/dags/DAG_embulk.py", line 8, in <module>
    'retry_delay': timedelta(minutes=5),
                   ^^^^^^^^^
NameError: name 'timedelta' is not defined
[2025-02-06T17:53:51.381+0000] {processor.py:927} WARNING - No viable dags retrieved from /opt/airflow/dags/DAG_embulk.py
[2025-02-06T17:53:51.418+0000] {processor.py:208} INFO - Processing /opt/airflow/dags/DAG_embulk.py took 0.094 seconds
[2025-02-06T17:55:56.395+0000] {processor.py:186} INFO - Started process (PID=35) to work on /opt/airflow/dags/DAG_embulk.py
[2025-02-06T17:55:56.397+0000] {processor.py:914} INFO - Processing file /opt/airflow/dags/DAG_embulk.py for tasks to queue
[2025-02-06T17:55:56.414+0000] {logging_mixin.py:190} INFO - [2025-02-06T17:55:56.413+0000] {dagbag.py:588} INFO - Filling up the DagBag from /opt/airflow/dags/DAG_embulk.py
[2025-02-06T17:55:56.479+0000] {logging_mixin.py:190} INFO - [2025-02-06T17:55:56.451+0000] {dagbag.py:387} ERROR - Failed to import: /opt/airflow/dags/DAG_embulk.py
Traceback (most recent call last):
  File "/home/airflow/.local/lib/python3.12/site-packages/airflow/models/dagbag.py", line 383, in parse
    loader.exec_module(new_module)
  File "<frozen importlib._bootstrap_external>", line 999, in exec_module
  File "<frozen importlib._bootstrap>", line 488, in _call_with_frames_removed
  File "/opt/airflow/dags/DAG_embulk.py", line 8, in <module>
    'retry_delay': timedelta(minutes=5),
                   ^^^^^^^^^
NameError: name 'timedelta' is not defined
[2025-02-06T17:55:56.494+0000] {processor.py:927} WARNING - No viable dags retrieved from /opt/airflow/dags/DAG_embulk.py
[2025-02-06T17:55:56.562+0000] {processor.py:208} INFO - Processing /opt/airflow/dags/DAG_embulk.py took 0.191 seconds
[2025-02-06T17:56:27.505+0000] {processor.py:186} INFO - Started process (PID=93) to work on /opt/airflow/dags/DAG_embulk.py
[2025-02-06T17:56:27.506+0000] {processor.py:914} INFO - Processing file /opt/airflow/dags/DAG_embulk.py for tasks to queue
[2025-02-06T17:56:27.510+0000] {logging_mixin.py:190} INFO - [2025-02-06T17:56:27.510+0000] {dagbag.py:588} INFO - Filling up the DagBag from /opt/airflow/dags/DAG_embulk.py
[2025-02-06T17:56:27.535+0000] {logging_mixin.py:190} INFO - [2025-02-06T17:56:27.527+0000] {dagbag.py:387} ERROR - Failed to import: /opt/airflow/dags/DAG_embulk.py
Traceback (most recent call last):
  File "/home/airflow/.local/lib/python3.12/site-packages/airflow/models/dagbag.py", line 383, in parse
    loader.exec_module(new_module)
  File "<frozen importlib._bootstrap_external>", line 999, in exec_module
  File "<frozen importlib._bootstrap>", line 488, in _call_with_frames_removed
  File "/opt/airflow/dags/DAG_embulk.py", line 8, in <module>
    'retry_delay': timedelta(minutes=5),
                   ^^^^^^^^^
NameError: name 'timedelta' is not defined
[2025-02-06T17:56:27.541+0000] {processor.py:927} WARNING - No viable dags retrieved from /opt/airflow/dags/DAG_embulk.py
[2025-02-06T17:56:27.571+0000] {processor.py:208} INFO - Processing /opt/airflow/dags/DAG_embulk.py took 0.079 seconds
[2025-02-06T17:56:57.947+0000] {processor.py:186} INFO - Started process (PID=151) to work on /opt/airflow/dags/DAG_embulk.py
[2025-02-06T17:56:57.948+0000] {processor.py:914} INFO - Processing file /opt/airflow/dags/DAG_embulk.py for tasks to queue
[2025-02-06T17:56:57.955+0000] {logging_mixin.py:190} INFO - [2025-02-06T17:56:57.953+0000] {dagbag.py:588} INFO - Filling up the DagBag from /opt/airflow/dags/DAG_embulk.py
[2025-02-06T17:56:57.985+0000] {logging_mixin.py:190} INFO - [2025-02-06T17:56:57.975+0000] {dagbag.py:387} ERROR - Failed to import: /opt/airflow/dags/DAG_embulk.py
Traceback (most recent call last):
  File "/home/airflow/.local/lib/python3.12/site-packages/airflow/models/dagbag.py", line 383, in parse
    loader.exec_module(new_module)
  File "<frozen importlib._bootstrap_external>", line 999, in exec_module
  File "<frozen importlib._bootstrap>", line 488, in _call_with_frames_removed
  File "/opt/airflow/dags/DAG_embulk.py", line 8, in <module>
    'retry_delay': timedelta(minutes=5),
                   ^^^^^^^^^
NameError: name 'timedelta' is not defined
[2025-02-06T17:56:57.998+0000] {processor.py:927} WARNING - No viable dags retrieved from /opt/airflow/dags/DAG_embulk.py
[2025-02-06T17:56:58.045+0000] {processor.py:208} INFO - Processing /opt/airflow/dags/DAG_embulk.py took 0.111 seconds
[2025-02-06T17:57:29.029+0000] {processor.py:186} INFO - Started process (PID=209) to work on /opt/airflow/dags/DAG_embulk.py
[2025-02-06T17:57:29.030+0000] {processor.py:914} INFO - Processing file /opt/airflow/dags/DAG_embulk.py for tasks to queue
[2025-02-06T17:57:29.034+0000] {logging_mixin.py:190} INFO - [2025-02-06T17:57:29.034+0000] {dagbag.py:588} INFO - Filling up the DagBag from /opt/airflow/dags/DAG_embulk.py
[2025-02-06T17:57:29.059+0000] {logging_mixin.py:190} INFO - [2025-02-06T17:57:29.051+0000] {dagbag.py:387} ERROR - Failed to import: /opt/airflow/dags/DAG_embulk.py
Traceback (most recent call last):
  File "/home/airflow/.local/lib/python3.12/site-packages/airflow/models/dagbag.py", line 383, in parse
    loader.exec_module(new_module)
  File "<frozen importlib._bootstrap_external>", line 999, in exec_module
  File "<frozen importlib._bootstrap>", line 488, in _call_with_frames_removed
  File "/opt/airflow/dags/DAG_embulk.py", line 8, in <module>
    'retry_delay': timedelta(minutes=5),
                   ^^^^^^^^^
NameError: name 'timedelta' is not defined
[2025-02-06T17:57:29.065+0000] {processor.py:927} WARNING - No viable dags retrieved from /opt/airflow/dags/DAG_embulk.py
[2025-02-06T17:57:29.097+0000] {processor.py:208} INFO - Processing /opt/airflow/dags/DAG_embulk.py took 0.077 seconds
[2025-02-06T17:57:59.952+0000] {processor.py:186} INFO - Started process (PID=267) to work on /opt/airflow/dags/DAG_embulk.py
[2025-02-06T17:57:59.953+0000] {processor.py:914} INFO - Processing file /opt/airflow/dags/DAG_embulk.py for tasks to queue
[2025-02-06T17:57:59.957+0000] {logging_mixin.py:190} INFO - [2025-02-06T17:57:59.956+0000] {dagbag.py:588} INFO - Filling up the DagBag from /opt/airflow/dags/DAG_embulk.py
[2025-02-06T17:57:59.982+0000] {logging_mixin.py:190} INFO - [2025-02-06T17:57:59.972+0000] {dagbag.py:387} ERROR - Failed to import: /opt/airflow/dags/DAG_embulk.py
Traceback (most recent call last):
  File "/home/airflow/.local/lib/python3.12/site-packages/airflow/models/dagbag.py", line 383, in parse
    loader.exec_module(new_module)
  File "<frozen importlib._bootstrap_external>", line 999, in exec_module
  File "<frozen importlib._bootstrap>", line 488, in _call_with_frames_removed
  File "/opt/airflow/dags/DAG_embulk.py", line 8, in <module>
    'retry_delay': timedelta(minutes=5),
                   ^^^^^^^^^
NameError: name 'timedelta' is not defined
[2025-02-06T17:57:59.987+0000] {processor.py:927} WARNING - No viable dags retrieved from /opt/airflow/dags/DAG_embulk.py
[2025-02-06T17:58:00.013+0000] {processor.py:208} INFO - Processing /opt/airflow/dags/DAG_embulk.py took 0.072 seconds
[2025-02-06T17:58:30.623+0000] {processor.py:186} INFO - Started process (PID=325) to work on /opt/airflow/dags/DAG_embulk.py
[2025-02-06T17:58:30.625+0000] {processor.py:914} INFO - Processing file /opt/airflow/dags/DAG_embulk.py for tasks to queue
[2025-02-06T17:58:30.628+0000] {logging_mixin.py:190} INFO - [2025-02-06T17:58:30.627+0000] {dagbag.py:588} INFO - Filling up the DagBag from /opt/airflow/dags/DAG_embulk.py
[2025-02-06T17:58:30.651+0000] {logging_mixin.py:190} INFO - [2025-02-06T17:58:30.643+0000] {dagbag.py:387} ERROR - Failed to import: /opt/airflow/dags/DAG_embulk.py
Traceback (most recent call last):
  File "/home/airflow/.local/lib/python3.12/site-packages/airflow/models/dagbag.py", line 383, in parse
    loader.exec_module(new_module)
  File "<frozen importlib._bootstrap_external>", line 999, in exec_module
  File "<frozen importlib._bootstrap>", line 488, in _call_with_frames_removed
  File "/opt/airflow/dags/DAG_embulk.py", line 8, in <module>
    'retry_delay': timedelta(minutes=5),
                   ^^^^^^^^^
NameError: name 'timedelta' is not defined
[2025-02-06T17:58:30.657+0000] {processor.py:927} WARNING - No viable dags retrieved from /opt/airflow/dags/DAG_embulk.py
[2025-02-06T17:58:30.688+0000] {processor.py:208} INFO - Processing /opt/airflow/dags/DAG_embulk.py took 0.073 seconds
[2025-02-06T17:59:01.366+0000] {processor.py:186} INFO - Started process (PID=383) to work on /opt/airflow/dags/DAG_embulk.py
[2025-02-06T17:59:01.368+0000] {processor.py:914} INFO - Processing file /opt/airflow/dags/DAG_embulk.py for tasks to queue
[2025-02-06T17:59:01.371+0000] {logging_mixin.py:190} INFO - [2025-02-06T17:59:01.371+0000] {dagbag.py:588} INFO - Filling up the DagBag from /opt/airflow/dags/DAG_embulk.py
[2025-02-06T17:59:01.396+0000] {logging_mixin.py:190} INFO - [2025-02-06T17:59:01.387+0000] {dagbag.py:387} ERROR - Failed to import: /opt/airflow/dags/DAG_embulk.py
Traceback (most recent call last):
  File "/home/airflow/.local/lib/python3.12/site-packages/airflow/models/dagbag.py", line 383, in parse
    loader.exec_module(new_module)
  File "<frozen importlib._bootstrap_external>", line 999, in exec_module
  File "<frozen importlib._bootstrap>", line 488, in _call_with_frames_removed
  File "/opt/airflow/dags/DAG_embulk.py", line 8, in <module>
    'retry_delay': timedelta(minutes=5),
                   ^^^^^^^^^
NameError: name 'timedelta' is not defined
[2025-02-06T17:59:01.402+0000] {processor.py:927} WARNING - No viable dags retrieved from /opt/airflow/dags/DAG_embulk.py
[2025-02-06T17:59:01.427+0000] {processor.py:208} INFO - Processing /opt/airflow/dags/DAG_embulk.py took 0.069 seconds
[2025-02-06T17:59:32.396+0000] {processor.py:186} INFO - Started process (PID=441) to work on /opt/airflow/dags/DAG_embulk.py
[2025-02-06T17:59:32.397+0000] {processor.py:914} INFO - Processing file /opt/airflow/dags/DAG_embulk.py for tasks to queue
[2025-02-06T17:59:32.400+0000] {logging_mixin.py:190} INFO - [2025-02-06T17:59:32.400+0000] {dagbag.py:588} INFO - Filling up the DagBag from /opt/airflow/dags/DAG_embulk.py
[2025-02-06T17:59:32.428+0000] {logging_mixin.py:190} INFO - [2025-02-06T17:59:32.420+0000] {dagbag.py:387} ERROR - Failed to import: /opt/airflow/dags/DAG_embulk.py
Traceback (most recent call last):
  File "/home/airflow/.local/lib/python3.12/site-packages/airflow/models/dagbag.py", line 383, in parse
    loader.exec_module(new_module)
  File "<frozen importlib._bootstrap_external>", line 999, in exec_module
  File "<frozen importlib._bootstrap>", line 488, in _call_with_frames_removed
  File "/opt/airflow/dags/DAG_embulk.py", line 8, in <module>
    'retry_delay': timedelta(minutes=5),
                   ^^^^^^^^^
NameError: name 'timedelta' is not defined
[2025-02-06T17:59:32.435+0000] {processor.py:927} WARNING - No viable dags retrieved from /opt/airflow/dags/DAG_embulk.py
[2025-02-06T17:59:32.470+0000] {processor.py:208} INFO - Processing /opt/airflow/dags/DAG_embulk.py took 0.083 seconds
[2025-02-06T18:00:02.646+0000] {processor.py:186} INFO - Started process (PID=499) to work on /opt/airflow/dags/DAG_embulk.py
[2025-02-06T18:00:02.648+0000] {processor.py:914} INFO - Processing file /opt/airflow/dags/DAG_embulk.py for tasks to queue
[2025-02-06T18:00:02.653+0000] {logging_mixin.py:190} INFO - [2025-02-06T18:00:02.652+0000] {dagbag.py:588} INFO - Filling up the DagBag from /opt/airflow/dags/DAG_embulk.py
[2025-02-06T18:00:02.677+0000] {logging_mixin.py:190} INFO - [2025-02-06T18:00:02.667+0000] {dagbag.py:387} ERROR - Failed to import: /opt/airflow/dags/DAG_embulk.py
Traceback (most recent call last):
  File "/home/airflow/.local/lib/python3.12/site-packages/airflow/models/dagbag.py", line 383, in parse
    loader.exec_module(new_module)
  File "<frozen importlib._bootstrap_external>", line 999, in exec_module
  File "<frozen importlib._bootstrap>", line 488, in _call_with_frames_removed
  File "/opt/airflow/dags/DAG_embulk.py", line 8, in <module>
    'retry_delay': timedelta(minutes=5),
                   ^^^^^^^^^
NameError: name 'timedelta' is not defined
[2025-02-06T18:00:02.683+0000] {processor.py:927} WARNING - No viable dags retrieved from /opt/airflow/dags/DAG_embulk.py
[2025-02-06T18:00:02.711+0000] {processor.py:208} INFO - Processing /opt/airflow/dags/DAG_embulk.py took 0.073 seconds
[2025-02-06T18:00:32.876+0000] {processor.py:186} INFO - Started process (PID=557) to work on /opt/airflow/dags/DAG_embulk.py
[2025-02-06T18:00:32.878+0000] {processor.py:914} INFO - Processing file /opt/airflow/dags/DAG_embulk.py for tasks to queue
[2025-02-06T18:00:32.881+0000] {logging_mixin.py:190} INFO - [2025-02-06T18:00:32.880+0000] {dagbag.py:588} INFO - Filling up the DagBag from /opt/airflow/dags/DAG_embulk.py
[2025-02-06T18:00:32.902+0000] {logging_mixin.py:190} INFO - [2025-02-06T18:00:32.895+0000] {dagbag.py:387} ERROR - Failed to import: /opt/airflow/dags/DAG_embulk.py
Traceback (most recent call last):
  File "/home/airflow/.local/lib/python3.12/site-packages/airflow/models/dagbag.py", line 383, in parse
    loader.exec_module(new_module)
  File "<frozen importlib._bootstrap_external>", line 999, in exec_module
  File "<frozen importlib._bootstrap>", line 488, in _call_with_frames_removed
  File "/opt/airflow/dags/DAG_embulk.py", line 8, in <module>
    'retry_delay': timedelta(minutes=5),
                   ^^^^^^^^^
NameError: name 'timedelta' is not defined
[2025-02-06T18:00:32.908+0000] {processor.py:927} WARNING - No viable dags retrieved from /opt/airflow/dags/DAG_embulk.py
[2025-02-06T18:00:32.932+0000] {processor.py:208} INFO - Processing /opt/airflow/dags/DAG_embulk.py took 0.065 seconds
[2025-02-06T18:01:03.322+0000] {processor.py:186} INFO - Started process (PID=615) to work on /opt/airflow/dags/DAG_embulk.py
[2025-02-06T18:01:03.324+0000] {processor.py:914} INFO - Processing file /opt/airflow/dags/DAG_embulk.py for tasks to queue
[2025-02-06T18:01:03.328+0000] {logging_mixin.py:190} INFO - [2025-02-06T18:01:03.327+0000] {dagbag.py:588} INFO - Filling up the DagBag from /opt/airflow/dags/DAG_embulk.py
[2025-02-06T18:01:03.353+0000] {logging_mixin.py:190} INFO - [2025-02-06T18:01:03.344+0000] {dagbag.py:387} ERROR - Failed to import: /opt/airflow/dags/DAG_embulk.py
Traceback (most recent call last):
  File "/home/airflow/.local/lib/python3.12/site-packages/airflow/models/dagbag.py", line 383, in parse
    loader.exec_module(new_module)
  File "<frozen importlib._bootstrap_external>", line 999, in exec_module
  File "<frozen importlib._bootstrap>", line 488, in _call_with_frames_removed
  File "/opt/airflow/dags/DAG_embulk.py", line 8, in <module>
    'retry_delay': timedelta(minutes=5),
                   ^^^^^^^^^
NameError: name 'timedelta' is not defined
[2025-02-06T18:01:03.359+0000] {processor.py:927} WARNING - No viable dags retrieved from /opt/airflow/dags/DAG_embulk.py
[2025-02-06T18:01:03.386+0000] {processor.py:208} INFO - Processing /opt/airflow/dags/DAG_embulk.py took 0.073 seconds
[2025-02-06T18:01:33.695+0000] {processor.py:186} INFO - Started process (PID=673) to work on /opt/airflow/dags/DAG_embulk.py
[2025-02-06T18:01:33.696+0000] {processor.py:914} INFO - Processing file /opt/airflow/dags/DAG_embulk.py for tasks to queue
[2025-02-06T18:01:33.700+0000] {logging_mixin.py:190} INFO - [2025-02-06T18:01:33.700+0000] {dagbag.py:588} INFO - Filling up the DagBag from /opt/airflow/dags/DAG_embulk.py
[2025-02-06T18:01:33.726+0000] {logging_mixin.py:190} INFO - [2025-02-06T18:01:33.716+0000] {dagbag.py:387} ERROR - Failed to import: /opt/airflow/dags/DAG_embulk.py
Traceback (most recent call last):
  File "/home/airflow/.local/lib/python3.12/site-packages/airflow/models/dagbag.py", line 383, in parse
    loader.exec_module(new_module)
  File "<frozen importlib._bootstrap_external>", line 999, in exec_module
  File "<frozen importlib._bootstrap>", line 488, in _call_with_frames_removed
  File "/opt/airflow/dags/DAG_embulk.py", line 8, in <module>
    'retry_delay': timedelta(minutes=5),
                   ^^^^^^^^^
NameError: name 'timedelta' is not defined
[2025-02-06T18:01:33.732+0000] {processor.py:927} WARNING - No viable dags retrieved from /opt/airflow/dags/DAG_embulk.py
[2025-02-06T18:01:33.764+0000] {processor.py:208} INFO - Processing /opt/airflow/dags/DAG_embulk.py took 0.078 seconds
